2026-01-30 22:03:38.413 | INFO     | __main__:_init_driver:93 - Chrome WebDriver initialized
2026-01-30 22:03:38.413 | INFO     | __main__:scrape_all:443 - Loading https://tassnief.com/find-rating
2026-01-30 22:03:45.533 | INFO     | __main__:scrape_all:449 - Detected 1 pages
2026-01-30 22:03:45.534 | INFO     | __main__:scrape_all:457 - Scraping page 1/20
2026-01-30 22:03:50.542 | INFO     | __main__:_parse_current_page:253 - Found table with selector: table
2026-01-30 22:03:50.549 | INFO     | __main__:_parse_current_page:279 - Found 11 rows in table
2026-01-30 22:04:00.604 | INFO     | __main__:_parse_current_page:285 - Row 0: 0 td cells, 7 th cells
2026-01-30 22:04:10.635 | INFO     | __main__:_parse_current_page:285 - Row 1: 7 td cells, 0 th cells
2026-01-30 22:04:10.692 | INFO     | __main__:_parse_current_page:288 - Row 1 content: ['SAL Saudi Logistics Services Company', 'Credit Rating', 'A', 'Assigned', 'Stable']
2026-01-30 22:04:20.711 | INFO     | __main__:_parse_current_page:285 - Row 2: 7 td cells, 0 th cells
2026-01-30 22:04:20.761 | INFO     | __main__:_parse_current_page:288 - Row 2 content: ['Quara Finance Company', 'Credit Rating', 'BBB-', 'Maintained', 'Stable']
2026-01-30 22:04:20.842 | DEBUG    | __main__:_parse_current_page:337 - Parsed: SAL Saudi Logistics Services Company - A
2026-01-30 22:04:20.931 | DEBUG    | __main__:_parse_current_page:337 - Parsed: Quara Finance Company - BBB
2026-01-30 22:04:21.012 | DEBUG    | __main__:_parse_current_page:337 - Parsed: Pharma Medical Company - BBB
2026-01-30 22:04:21.093 | DEBUG    | __main__:_parse_current_page:337 - Parsed: Perfect Presentation for Commercial Services Company (2P) - BBB+
2026-01-30 22:04:21.175 | DEBUG    | __main__:_parse_current_page:337 - Parsed: CATRION Catering Holding Company - A
2026-01-30 22:04:21.269 | DEBUG    | __main__:_parse_current_page:337 - Parsed: Al Hammadi Holding Company - A
2026-01-30 22:04:21.357 | DEBUG    | __main__:_parse_current_page:337 - Parsed: Dr. Sulaiman Al-Habib Medical Services Group Company - AA
2026-01-30 22:04:21.439 | DEBUG    | __main__:_parse_current_page:337 - Parsed: Middle East Healthcare Company - BBB
2026-01-30 22:04:21.511 | DEBUG    | __main__:_parse_current_page:337 - Parsed: Alkhorayef for Water and Power Technologies Company - A
2026-01-30 22:04:21.579 | DEBUG    | __main__:_parse_current_page:337 - Parsed: Saudi Telecom Company (STC) - AAA
2026-01-30 22:04:21.579 | INFO     | __main__:scrape_all:474 - Found 10 ratings on page 1
2026-01-30 22:04:35.227 | INFO     | __main__:_click_next_page:413 - Navigated to page 2
2026-01-30 22:04:35.227 | INFO     | __main__:scrape_all:457 - Scraping page 2/20
2026-01-30 22:04:40.234 | INFO     | __main__:_parse_current_page:253 - Found table with selector: table
2026-01-30 22:04:40.241 | INFO     | __main__:_parse_current_page:279 - Found 11 rows in table
2026-01-30 22:04:50.249 | INFO     | __main__:_parse_current_page:285 - Row 0: 0 td cells, 7 th cells
2026-01-30 22:05:00.266 | INFO     | __main__:_parse_current_page:285 - Row 1: 7 td cells, 0 th cells
2026-01-30 22:05:00.296 | INFO     | __main__:_parse_current_page:288 - Row 1 content: ['SRACO Company', 'Credit Rating', 'A-', 'Maintain', 'Stable']
2026-01-30 22:05:10.343 | INFO     | __main__:_parse_current_page:285 - Row 2: 7 td cells, 0 th cells
2026-01-30 22:05:10.368 | INFO     | __main__:_parse_current_page:288 - Row 2 content: ['Ladun Investment Company', 'Credit Rating', 'BBB+', 'Maintain', 'Stable']
2026-01-30 22:05:10.414 | DEBUG    | __main__:_parse_current_page:337 - Parsed: SRACO Company - A
2026-01-30 22:05:10.455 | DEBUG    | __main__:_parse_current_page:337 - Parsed: Ladun Investment Company - BBB+
2026-01-30 22:05:10.498 | DEBUG    | __main__:_parse_current_page:337 - Parsed: Saeed Raddad Holding Company - A
2026-01-30 22:05:10.538 | DEBUG    | __main__:_parse_current_page:337 - Parsed: Al-Gihaz Contracting - A
2026-01-30 22:05:10.579 | DEBUG    | __main__:_parse_current_page:337 - Parsed: Rawabi Holding Company - BBB+
2026-01-30 22:05:10.620 | DEBUG    | __main__:_parse_current_page:337 - Parsed: Alkhaleej Training & Education Company - BBB+
2026-01-30 22:05:10.661 | DEBUG    | __main__:_parse_current_page:337 - Parsed: Multi Business Group for Projects Company - BB+
2026-01-30 22:05:10.723 | DEBUG    | __main__:_parse_current_page:337 - Parsed: Mobile Telecommunication Company Saudi Arabia (Zain Saudi Arabia) - A
2026-01-30 22:05:10.776 | DEBUG    | __main__:_parse_current_page:337 - Parsed: Etihad Etisalat Company (Mobily) - AA
2026-01-30 22:05:10.825 | DEBUG    | __main__:_parse_current_page:337 - Parsed: Safa Investment Company - BBB+
2026-01-30 22:05:10.825 | INFO     | __main__:scrape_all:474 - Found 10 ratings on page 2
2026-01-30 22:05:24.428 | INFO     | __main__:_click_next_page:413 - Navigated to page 3
2026-01-30 22:05:24.428 | INFO     | __main__:scrape_all:457 - Scraping page 3/20
2026-01-30 22:05:29.436 | INFO     | __main__:_parse_current_page:253 - Found table with selector: table
2026-01-30 22:05:29.443 | INFO     | __main__:_parse_current_page:279 - Found 11 rows in table
2026-01-30 22:05:39.471 | INFO     | __main__:_parse_current_page:285 - Row 0: 0 td cells, 7 th cells
2026-01-30 22:05:49.500 | INFO     | __main__:_parse_current_page:285 - Row 1: 7 td cells, 0 th cells
2026-01-30 22:05:49.522 | INFO     | __main__:_parse_current_page:288 - Row 1 content: ['Innovest Real Estate Company', 'Credit Rating', 'BBB-', 'Initial', 'Stable']
2026-01-30 22:05:59.557 | INFO     | __main__:_parse_current_page:285 - Row 2: 7 td cells, 0 th cells
2026-01-30 22:05:59.580 | INFO     | __main__:_parse_current_page:288 - Row 2 content: ['Saudi National Bank Capital (SNBC)', 'Credit Rating', 'AA+', 'Initial', 'Stable']
2026-01-30 22:05:59.615 | DEBUG    | __main__:_parse_current_page:337 - Parsed: Innovest Real Estate Company - BBB
2026-01-30 22:05:59.652 | DEBUG    | __main__:_parse_current_page:337 - Parsed: Saudi National Bank Capital (SNBC) - AA+
2026-01-30 22:05:59.689 | DEBUG    | __main__:_parse_current_page:337 - Parsed: Arabian Centers Company - A
2026-01-30 22:05:59.735 | DEBUG    | __main__:_parse_current_page:337 - Parsed: Sumou Real Estate Company - BBB+
2026-01-30 22:05:59.776 | DEBUG    | __main__:_parse_current_page:337 - Parsed: Atlas Elevators Company for General Trading and Contracting (Unsolicited Rating) - BB
2026-01-30 22:05:59.816 | DEBUG    | __main__:_parse_current_page:337 - Parsed: Mayar Holding Company (Unsolicited Rating) - BB
2026-01-30 22:05:59.857 | DEBUG    | __main__:_parse_current_page:337 - Parsed: Saudi Arabian Cooperative Insurance Co. - A
2026-01-30 22:05:59.897 | DEBUG    | __main__:_parse_current_page:337 - Parsed: Malath Cooperative Insurance Company (Malath) - A
2026-01-30 22:05:59.935 | DEBUG    | __main__:_parse_current_page:337 - Parsed: SRACO Company - A
2026-01-30 22:05:59.987 | DEBUG    | __main__:_parse_current_page:337 - Parsed: Quara Finance Company - BBB
2026-01-30 22:05:59.987 | INFO     | __main__:scrape_all:474 - Found 10 ratings on page 3
2026-01-30 22:06:13.546 | INFO     | __main__:_click_next_page:413 - Navigated to page 4
2026-01-30 22:06:13.546 | INFO     | __main__:scrape_all:457 - Scraping page 4/20
2026-01-30 22:06:18.551 | INFO     | __main__:_parse_current_page:253 - Found table with selector: table
2026-01-30 22:06:18.555 | INFO     | __main__:_parse_current_page:279 - Found 11 rows in table
2026-01-30 22:06:28.569 | INFO     | __main__:_parse_current_page:285 - Row 0: 0 td cells, 7 th cells
2026-01-30 22:06:38.582 | INFO     | __main__:_parse_current_page:285 - Row 1: 7 td cells, 0 th cells
2026-01-30 22:06:38.608 | INFO     | __main__:_parse_current_page:288 - Row 1 content: ['Saudi Telecom Company', 'Credit Rating', 'AAA', 'Maintain', 'Stable']
2026-01-30 22:06:48.617 | INFO     | __main__:_parse_current_page:285 - Row 2: 7 td cells, 0 th cells
2026-01-30 22:06:48.649 | INFO     | __main__:_parse_current_page:288 - Row 2 content: ['Perfect Presentation Commercial Services Company', 'Credit Rating', 'BBB+', 'Maintain', 'Stable']
2026-01-30 22:06:48.701 | DEBUG    | __main__:_parse_current_page:337 - Parsed: Saudi Telecom Company - AAA
2026-01-30 22:06:48.751 | DEBUG    | __main__:_parse_current_page:337 - Parsed: Perfect Presentation Commercial Services Company - BBB+
2026-01-30 22:06:48.803 | DEBUG    | __main__:_parse_current_page:337 - Parsed: Middle East Paper Company - A
2026-01-30 22:06:48.854 | DEBUG    | __main__:_parse_current_page:337 - Parsed: Ejada Systems Company - A+
2026-01-30 22:06:48.906 | DEBUG    | __main__:_parse_current_page:337 - Parsed: Alkhorayef for Water and Power Technologies Company - A
2026-01-30 22:06:48.958 | DEBUG    | __main__:_parse_current_page:337 - Parsed: Multi Business Group for Projects Company - BB+
2026-01-30 22:06:49.011 | DEBUG    | __main__:_parse_current_page:337 - Parsed: Ladun Investment Company - BBB+
2026-01-30 22:06:49.065 | DEBUG    | __main__:_parse_current_page:337 - Parsed: AlKhaleej Training & Education - BBB+
2026-01-30 22:06:49.116 | DEBUG    | __main__:_parse_current_page:337 - Parsed: Napco National - BBB+
2026-01-30 22:06:49.164 | DEBUG    | __main__:_parse_current_page:337 - Parsed: Mobile Telecommunications Company Saudi Arabia - A
2026-01-30 22:06:49.164 | INFO     | __main__:scrape_all:474 - Found 10 ratings on page 4
2026-01-30 22:07:02.746 | INFO     | __main__:_click_next_page:413 - Navigated to page 5
2026-01-30 22:07:02.746 | INFO     | __main__:scrape_all:457 - Scraping page 5/20
2026-01-30 22:07:07.751 | INFO     | __main__:_parse_current_page:253 - Found table with selector: table
2026-01-30 22:07:07.756 | INFO     | __main__:_parse_current_page:279 - Found 11 rows in table
2026-01-30 22:07:17.818 | INFO     | __main__:_parse_current_page:285 - Row 0: 0 td cells, 7 th cells
2026-01-30 22:07:27.887 | INFO     | __main__:_parse_current_page:285 - Row 1: 7 td cells, 0 th cells
2026-01-30 22:07:27.908 | INFO     | __main__:_parse_current_page:288 - Row 1 content: ['Etihad Etisalat Company', 'Credit Rating', 'AA- (pi)', 'Maintain', '']
2026-01-30 22:07:37.935 | INFO     | __main__:_parse_current_page:285 - Row 2: 7 td cells, 0 th cells
2026-01-30 22:07:37.961 | INFO     | __main__:_parse_current_page:288 - Row 2 content: ['Rawabi Holding Company', 'Credit Rating', 'A-', 'Maintain', 'Stable']
2026-01-30 22:07:38.008 | DEBUG    | __main__:_parse_current_page:337 - Parsed: Etihad Etisalat Company - AA
2026-01-30 22:07:38.055 | DEBUG    | __main__:_parse_current_page:337 - Parsed: Rawabi Holding Company - A
2026-01-30 22:07:38.102 | DEBUG    | __main__:_parse_current_page:337 - Parsed: Safa Investment Company - BBB+
2026-01-30 22:07:38.151 | DEBUG    | __main__:_parse_current_page:337 - Parsed: Sumou Real Estate Company - BBB+
2026-01-30 22:07:38.199 | DEBUG    | __main__:_parse_current_page:337 - Parsed: Al Kathiri Holding Company (AKHC) - BBB
2026-01-30 22:07:38.248 | DEBUG    | __main__:_parse_current_page:337 - Parsed: Quara Finance Company - BBB
2026-01-30 22:07:38.298 | DEBUG    | __main__:_parse_current_page:337 - Parsed: Perfect Presentation Commercial Services Company - BBB+
2026-01-30 22:07:38.347 | DEBUG    | __main__:_parse_current_page:337 - Parsed: Rawabi Holding Company - A
2026-01-30 22:07:38.395 | DEBUG    | __main__:_parse_current_page:337 - Parsed: Saudi Telecom Company - AAA
2026-01-30 22:07:38.436 | DEBUG    | __main__:_parse_current_page:337 - Parsed: Alkhorayef for Water and Power Technologies Company - A
2026-01-30 22:07:38.436 | INFO     | __main__:scrape_all:474 - Found 10 ratings on page 5
2026-01-30 22:07:52.032 | INFO     | __main__:_click_next_page:413 - Navigated to page 6
2026-01-30 22:07:52.032 | INFO     | __main__:scrape_all:457 - Scraping page 6/20
2026-01-30 22:07:57.037 | INFO     | __main__:_parse_current_page:253 - Found table with selector: table
2026-01-30 22:07:57.041 | INFO     | __main__:_parse_current_page:279 - Found 11 rows in table
2026-01-30 22:08:07.050 | INFO     | __main__:_parse_current_page:285 - Row 0: 0 td cells, 7 th cells
2026-01-30 22:08:17.094 | INFO     | __main__:_parse_current_page:285 - Row 1: 7 td cells, 0 th cells
2026-01-30 22:08:17.125 | INFO     | __main__:_parse_current_page:288 - Row 1 content: ['Napco National', 'Credit Rating', 'BBB+', 'Assigned', 'Stable']
2026-01-30 22:08:27.159 | INFO     | __main__:_parse_current_page:285 - Row 2: 7 td cells, 0 th cells
2026-01-30 22:08:27.188 | INFO     | __main__:_parse_current_page:288 - Row 2 content: ['Etihad Etisalat Company', 'Credit Rating', 'AA- (pi)', 'Assigned', '']
2026-01-30 22:08:27.237 | DEBUG    | __main__:_parse_current_page:337 - Parsed: Napco National - BBB+
2026-01-30 22:08:27.285 | DEBUG    | __main__:_parse_current_page:337 - Parsed: Etihad Etisalat Company - AA
2026-01-30 22:08:27.333 | DEBUG    | __main__:_parse_current_page:337 - Parsed: Mobile Telecommunications Company Saudi Arabia - A
2026-01-30 22:08:27.382 | DEBUG    | __main__:_parse_current_page:337 - Parsed: SRACO Company - BBB+
2026-01-30 22:08:27.422 | DEBUG    | __main__:_parse_current_page:337 - Parsed: AlKhaleej Training & Education - BBB+
2026-01-30 22:08:27.470 | DEBUG    | __main__:_parse_current_page:337 - Parsed: Ladun Investment Company - BBB+
2026-01-30 22:08:27.519 | DEBUG    | __main__:_parse_current_page:337 - Parsed: Cooperative Reinsurance Company (Saudi Re) - AA+
2026-01-30 22:08:27.569 | DEBUG    | __main__:_parse_current_page:337 - Parsed: Al Kathiri Holding Company (AKHC) - BBB
2026-01-30 22:08:27.617 | DEBUG    | __main__:_parse_current_page:337 - Parsed: Sumou Real Estate Company - BBB+
2026-01-30 22:08:27.658 | DEBUG    | __main__:_parse_current_page:337 - Parsed: Perfect Presentation Commercial Services Company - BBB+
2026-01-30 22:08:27.658 | INFO     | __main__:scrape_all:474 - Found 10 ratings on page 6
2026-01-30 22:08:41.229 | INFO     | __main__:_click_next_page:413 - Navigated to page 7
2026-01-30 22:08:41.229 | INFO     | __main__:scrape_all:457 - Scraping page 7/20
2026-01-30 22:08:46.235 | INFO     | __main__:_parse_current_page:253 - Found table with selector: table
2026-01-30 22:08:46.243 | INFO     | __main__:_parse_current_page:279 - Found 5 rows in table
2026-01-30 22:08:56.277 | INFO     | __main__:_parse_current_page:285 - Row 0: 0 td cells, 7 th cells
2026-01-30 22:09:06.308 | INFO     | __main__:_parse_current_page:285 - Row 1: 7 td cells, 0 th cells
2026-01-30 22:09:06.333 | INFO     | __main__:_parse_current_page:288 - Row 1 content: ['Saudi Telecom Company', 'Credit Rating', 'AAA', 'Maintain', 'Stable']
2026-01-30 22:09:16.367 | INFO     | __main__:_parse_current_page:285 - Row 2: 7 td cells, 0 th cells
2026-01-30 22:09:16.394 | INFO     | __main__:_parse_current_page:288 - Row 2 content: ['Cooperative Reinsurance Company (Saudi Re)', 'Credit Rating', 'AA+', 'Maintain', 'Stable']
2026-01-30 22:09:16.442 | DEBUG    | __main__:_parse_current_page:337 - Parsed: Saudi Telecom Company - AAA
2026-01-30 22:09:16.485 | DEBUG    | __main__:_parse_current_page:337 - Parsed: Cooperative Reinsurance Company (Saudi Re) - AA+
2026-01-30 22:09:16.523 | DEBUG    | __main__:_parse_current_page:337 - Parsed: Al Kathiri Holding Company (AKHC) - BBB
2026-01-30 22:09:16.568 | DEBUG    | __main__:_parse_current_page:337 - Parsed: Saudi Telecom Company - AAA
2026-01-30 22:09:16.568 | INFO     | __main__:scrape_all:474 - Found 4 ratings on page 7
2026-01-30 22:10:46.974 | INFO     | __main__:_click_next_page:420 - No next page button found
2026-01-30 22:10:46.974 | INFO     | __main__:scrape_all:479 - Could not navigate to next page, stopping
2026-01-30 22:10:49.608 | INFO     | __main__:scrape_all:496 - Total unique ratings collected: 64
2026-01-30 22:10:49.625 | INFO     | __main__:save_to_csv:518 - Saved 64 ratings to C:\Users\majtob\Desktop\final_project\mxa1438\data\templates\ratings_scraped.csv
